// Jest Snapshot v1, https://goo.gl/fbAQLP

exports[`ProductTitle should layout component correctly 1`] = `
<span
  className="productDescription custom-class"
>
   
  Custom Product
   
</span>
`;

exports[`ProductTitle should show component with product name 1`] = `
<div
  className="productCard undefined"
>
  <span
    className="productDescription undefined"
  >
     
    Coffee Mug - Card
     
  </span>
</div>
`;
